// Vitest Snapshot v1, https://vitest.dev/guide/snapshot.html

exports[`exportPubTypes > should be able to export pub types 1`] = `
"// Generated by PubPub Type Generator
import type { CoreSchemaType, PubFieldsId, PubTypesId, CommunitiesId, StagesId, PubsId } from "db/public";

export type Prettify<T> = {
    [K in keyof T]: T[K];
} & {};

export interface PubTypeField {
    id: PubFieldsId;
    name: string;
    slug: string;
    schemaName: CoreSchemaType;
    isRelation: boolean;
    isTitle: boolean;
}

export interface PubTypeDefinition {
    createdAt: Date;
    updatedAt: Date;
    id: PubTypesId;
    communityId: CommunitiesId;
    name: string;
    description: string | null;
    fields: PubTypeField[];
}

export type SchemaNameToTypeMap = {
    [CoreSchemaType.Boolean]: boolean;
    [CoreSchemaType.DateTime]: Date;
    [CoreSchemaType.Email]: string;
    [CoreSchemaType.MemberId]: string;
    [CoreSchemaType.Number]: number;
    [CoreSchemaType.NumericArray]: number[];
    [CoreSchemaType.RichText]: { type: "doc"; content: unknown[] };
    [CoreSchemaType.String]: string;
    [CoreSchemaType.StringArray]: string[];
    [CoreSchemaType.Vector3]: [number, number, number];
    [CoreSchemaType.URL]: string;
    [CoreSchemaType.Null]: null;
    [CoreSchemaType.FileUpload]: {
        id: string;
        name: string;
        type: string;
        size: number;
        url: string;
    };
}

export type PubField_title = {
    id: string;
    name: "Title";
    slug: "test-community:title";
    schemaName: CoreSchemaType.String;
    isRelation: false;
    isTitle: true;
}

export type PubField_some_relation = {
    id: string;
    name: "Some relation";
    slug: "test-community:some-relation";
    schemaName: CoreSchemaType.String;
    isRelation: true;
    isTitle: false;
}

export type PubField_ok = {
    id: string;
    name: "Ok";
    slug: "test-community:ok";
    schemaName: CoreSchemaType.Boolean;
    isRelation: false;
    isTitle: false;
}

export type PubField_number = {
    id: string;
    name: "Number";
    slug: "test-community:number";
    schemaName: CoreSchemaType.Number;
    isRelation: false;
    isTitle: false;
}

export type PubField_date_time = {
    id: string;
    name: "Date Time";
    slug: "test-community:date-time";
    schemaName: CoreSchemaType.DateTime;
    isRelation: false;
    isTitle: false;
}

export type PubField_url = {
    id: string;
    name: "Url";
    slug: "test-community:url";
    schemaName: CoreSchemaType.URL;
    isRelation: false;
    isTitle: false;
}

export type PubField_email = {
    id: string;
    name: "Email";
    slug: "test-community:email";
    schemaName: CoreSchemaType.Email;
    isRelation: false;
    isTitle: false;
}

export type PubField_vector3 = {
    id: string;
    name: "Vector3";
    slug: "test-community:vector3";
    schemaName: CoreSchemaType.Vector3;
    isRelation: false;
    isTitle: false;
}

export type PubField_numeric_array = {
    id: string;
    name: "Numeric Array";
    slug: "test-community:numeric-array";
    schemaName: CoreSchemaType.NumericArray;
    isRelation: false;
    isTitle: false;
}

export type PubField_string_array = {
    id: string;
    name: "String Array";
    slug: "test-community:string-array";
    schemaName: CoreSchemaType.StringArray;
    isRelation: false;
    isTitle: false;
}

export type PubField_rich_text = {
    id: string;
    name: "Rich Text";
    slug: "test-community:rich-text";
    schemaName: CoreSchemaType.RichText;
    isRelation: false;
    isTitle: false;
}

export type PubField_member = {
    id: string;
    name: "Member";
    slug: "test-community:member";
    schemaName: CoreSchemaType.MemberId;
    isRelation: false;
    isTitle: false;
}

export type PubField_fun_relation = {
    id: string;
    name: "Fun Relation";
    slug: "test-community:fun-relation";
    schemaName: CoreSchemaType.Null;
    isRelation: true;
    isTitle: false;
};

export type PubField = PubField_title | PubField_some_relation | PubField_ok | PubField_number | PubField_date_time | PubField_url | PubField_email | PubField_vector3 | PubField_numeric_array | PubField_string_array | PubField_rich_text | PubField_member | PubField_fun_relation;

export type PubType_Basic_Pub = {
            id: PubTypesId;
            createdAt: Date;
            updatedAt: Date;
            communityId: CommunitiesId;
            name: "Basic Pub";
            description: null;
            fields: (PubField_title | PubField_some_relation)[];
        }

export type PubType_Minimal_Pub = {
            id: PubTypesId;
            createdAt: Date;
            updatedAt: Date;
            communityId: CommunitiesId;
            name: "Minimal Pub";
            description: null;
            fields: (PubField_title)[];
        }

export type PubType_Everything_Pub = {
            id: PubTypesId;
            createdAt: Date;
            updatedAt: Date;
            communityId: CommunitiesId;
            name: "Everything Pub";
            description: null;
            fields: (PubField_title | PubField_some_relation | PubField_ok | PubField_number | PubField_date_time | PubField_url | PubField_email | PubField_vector3 | PubField_numeric_array | PubField_string_array | PubField_rich_text | PubField_member | PubField_fun_relation)[];
        };

export type PubType = PubType_Basic_Pub | PubType_Minimal_Pub | PubType_Everything_Pub

export type PubFieldToValueType<T extends PubField> = Prettify<{
    id: PubFieldsId;
    createdAt: Date;
    updatedAt: Date;
    fieldSlug: T["slug"];
    fieldName: T["name"];
    schemaName: T["schemaName"];
    value: SchemaNameToTypeMap[T["schemaName"]];
} & (T["isRelation"] extends true ? {
    relatedPubId: PubTypesId | null;
	relatedPub: Pub | null;
    } : {
      relatedPubId: null;
	  relatedPub?: never;
})>

export type Pub_Basic_Pub = {
    id: PubsId;
	title: string;
	parentId: PubsId;
	depth: number;
    pubTypeId: PubTypesId;
    stageId: StagesId;
    communityId: CommunitiesId;
    createdAt: Date;
    updatedAt: Date;
    pubTypeName: "Basic Pub";
    pubType: PubType_Basic_Pub;
    values: (PubFieldToValueType<PubField_title> | PubFieldToValueType<PubField_some_relation>)[]
}

export type Pub_Minimal_Pub = {
    id: PubsId;
	title: string;
	parentId: PubsId;
	depth: number;
    pubTypeId: PubTypesId;
    stageId: StagesId;
    communityId: CommunitiesId;
    createdAt: Date;
    updatedAt: Date;
    pubTypeName: "Minimal Pub";
    pubType: PubType_Minimal_Pub;
    values: (PubFieldToValueType<PubField_title>)[]
}

export type Pub_Everything_Pub = {
    id: PubsId;
	title: string;
	parentId: PubsId;
	depth: number;
    pubTypeId: PubTypesId;
    stageId: StagesId;
    communityId: CommunitiesId;
    createdAt: Date;
    updatedAt: Date;
    pubTypeName: "Everything Pub";
    pubType: PubType_Everything_Pub;
    values: (PubFieldToValueType<PubField_title> | PubFieldToValueType<PubField_some_relation> | PubFieldToValueType<PubField_ok> | PubFieldToValueType<PubField_number> | PubFieldToValueType<PubField_date_time> | PubFieldToValueType<PubField_url> | PubFieldToValueType<PubField_email> | PubFieldToValueType<PubField_vector3> | PubFieldToValueType<PubField_numeric_array> | PubFieldToValueType<PubField_string_array> | PubFieldToValueType<PubField_rich_text> | PubFieldToValueType<PubField_member> | PubFieldToValueType<PubField_fun_relation>)[]
}

export type Pub = Pub_Basic_Pub | Pub_Minimal_Pub | Pub_Everything_Pub


export interface CommunitySchema {
    pubTypes: {
        "Basic Pub": {
                id: "590c7a05-d35b-49eb-8f36-af99a7705be8",
                name: "Basic Pub",
                description: null,
                fields: {
                    "test-community:title": {
                        id: "1a2e321a-c42a-4f24-b9cf-e66368382fdc",
                        name: "Title",
                        slug: "test-community:title",
                        schemaName: CoreSchemaType.String,
                        isRelation: false,
                        isTitle: true
                    },
                    "test-community:some-relation": {
                        id: "c6003a3c-7fc3-488d-8220-2f467ce4ff36",
                        name: "Some relation",
                        slug: "test-community:some-relation",
                        schemaName: CoreSchemaType.String,
                        isRelation: true,
                        isTitle: false
                    }
                }
            },
        "Minimal Pub": {
                id: "6365dfe7-9839-4d88-baab-a7d479510acd",
                name: "Minimal Pub",
                description: null,
                fields: {
                    "test-community:title": {
                        id: "1a2e321a-c42a-4f24-b9cf-e66368382fdc",
                        name: "Title",
                        slug: "test-community:title",
                        schemaName: CoreSchemaType.String,
                        isRelation: false,
                        isTitle: true
                    }
                }
            },
        "Everything Pub": {
                id: "a979056f-6b85-4aa3-9a8d-78855fdad956",
                name: "Everything Pub",
                description: null,
                fields: {
                    "test-community:title": {
                        id: "1a2e321a-c42a-4f24-b9cf-e66368382fdc",
                        name: "Title",
                        slug: "test-community:title",
                        schemaName: CoreSchemaType.String,
                        isRelation: false,
                        isTitle: true
                    },
                    "test-community:some-relation": {
                        id: "c6003a3c-7fc3-488d-8220-2f467ce4ff36",
                        name: "Some relation",
                        slug: "test-community:some-relation",
                        schemaName: CoreSchemaType.String,
                        isRelation: true,
                        isTitle: false
                    },
                    "test-community:ok": {
                        id: "53713c81-66f2-446e-8164-8d4d419a978b",
                        name: "Ok",
                        slug: "test-community:ok",
                        schemaName: CoreSchemaType.Boolean,
                        isRelation: false,
                        isTitle: false
                    },
                    "test-community:number": {
                        id: "7cac2f42-dd4d-4d1f-81e9-dd34c88bdeb1",
                        name: "Number",
                        slug: "test-community:number",
                        schemaName: CoreSchemaType.Number,
                        isRelation: false,
                        isTitle: false
                    },
                    "test-community:date-time": {
                        id: "a496f1d2-17c8-4525-b7cd-8d4f42529564",
                        name: "Date Time",
                        slug: "test-community:date-time",
                        schemaName: CoreSchemaType.DateTime,
                        isRelation: false,
                        isTitle: false
                    },
                    "test-community:url": {
                        id: "6c248f98-0535-4ca8-b8f2-31e665e481e6",
                        name: "Url",
                        slug: "test-community:url",
                        schemaName: CoreSchemaType.URL,
                        isRelation: false,
                        isTitle: false
                    },
                    "test-community:email": {
                        id: "8b81da18-021b-4737-9a91-c13e924a9667",
                        name: "Email",
                        slug: "test-community:email",
                        schemaName: CoreSchemaType.Email,
                        isRelation: false,
                        isTitle: false
                    },
                    "test-community:vector3": {
                        id: "382d81f1-1c5d-4a75-b79d-2adc4784854c",
                        name: "Vector3",
                        slug: "test-community:vector3",
                        schemaName: CoreSchemaType.Vector3,
                        isRelation: false,
                        isTitle: false
                    },
                    "test-community:numeric-array": {
                        id: "4afbd428-3c5d-4766-815c-7f5a74a34404",
                        name: "Numeric Array",
                        slug: "test-community:numeric-array",
                        schemaName: CoreSchemaType.NumericArray,
                        isRelation: false,
                        isTitle: false
                    },
                    "test-community:string-array": {
                        id: "4142263b-7d5d-4652-a8e3-562a690309fe",
                        name: "String Array",
                        slug: "test-community:string-array",
                        schemaName: CoreSchemaType.StringArray,
                        isRelation: false,
                        isTitle: false
                    },
                    "test-community:rich-text": {
                        id: "86f1d589-ce2c-45c8-978d-2907beb495ac",
                        name: "Rich Text",
                        slug: "test-community:rich-text",
                        schemaName: CoreSchemaType.RichText,
                        isRelation: false,
                        isTitle: false
                    },
                    "test-community:member": {
                        id: "47c32939-02f3-4e32-9b5b-51484c20d82b",
                        name: "Member",
                        slug: "test-community:member",
                        schemaName: CoreSchemaType.MemberId,
                        isRelation: false,
                        isTitle: false
                    },
                    "test-community:fun-relation": {
                        id: "fc498e7a-ef06-463e-aed5-83a329fb0b07",
                        name: "Fun Relation",
                        slug: "test-community:fun-relation",
                        schemaName: CoreSchemaType.Null,
                        isRelation: true,
                        isTitle: false
                    }
                }
            }
    }
}
"
`;
